\BOOKMARK [1][-]{section.1}{\376\377\137\025\212\000}{}% 1
\BOOKMARK [1][-]{section.2}{\376\377\166\370\121\163\135\345\117\134}{}% 2
\BOOKMARK [2][-]{subsection.2.1}{\376\377\133\146\116\140\137\017\116\011\176\364\116\016\126\333\176\364\127\072\146\157\221\315\136\372}{section.2}% 3
\BOOKMARK [2][-]{subsection.2.2}{\376\377\116\026\165\114\127\120\150\007\116\272\117\123\217\320\122\250\140\142\131\015}{section.2}% 4
\BOOKMARK [2][-]{subsection.2.3}{\376\377\200\124\124\010\116\272\117\123\000-\127\072\146\157\221\315\136\372}{section.2}% 5
\BOOKMARK [2][-]{subsection.2.4}{\376\377\116\272\117\123\137\025\133\374\166\204\174\163\122\066\150\041\121\306\116\016\121\340\117\125\174\276\150\041}{section.2}% 6
\BOOKMARK [1][-]{section.3}{\376\377\145\271\154\325}{}% 7
\BOOKMARK [2][-]{subsection.3.1}{\376\377\225\356\230\230\133\232\116\111\116\016\145\164\117\123\150\106\147\266}{section.3}% 8
\BOOKMARK [2][-]{subsection.3.2}{\376\377\127\072\146\157\116\016\116\272\117\123\211\302\155\113}{section.3}% 9
\BOOKMARK [2][-]{subsection.3.3}{\376\377\116\272\117\123\225\032\133\232\166\204\211\343\147\220\174\227\134\072\136\246}{section.3}% 10
\BOOKMARK [2][-]{subsection.3.4}{\376\377\116\272\162\151\147\141\116\366\166\204\153\213\135\356\116\377\134\004\150\041\121\306}{section.3}% 11
\BOOKMARK [3][-]{subsubsection.3.4.1}{\376\377\116\272\117\123\040\023\127\072\146\157\225\032\160\271\210\150\171\072}{subsection.3.4}% 12
\BOOKMARK [3][-]{subsubsection.3.4.2}{\376\377\134\100\220\350\127\072\146\157\154\350\141\017\122\233}{subsection.3.4}% 13
\BOOKMARK [3][-]{subsubsection.3.4.3}{\376\377\131\032\116\272\117\123\153\213\135\356\116\377\134\004}{subsection.3.4}% 14
\BOOKMARK [3][-]{subsubsection.3.4.4}{\376\377\211\306\230\221\176\247\134\072\136\246\116\000\201\364\140\047\116\016\217\150\217\371\172\063\133\232}{subsection.3.4}% 15
\BOOKMARK [2][-]{subsection.3.5}{\376\377\123\072\127\337\123\026\136\163\171\373\174\276\150\041}{section.3}% 16
\BOOKMARK [3][-]{subsubsection.3.5.1}{\376\377\170\156\133\232\140\047\116\272\117\123\123\072\127\337}{subsection.3.5}% 17
\BOOKMARK [3][-]{subsubsection.3.5.2}{\376\377\131\032\134\072\136\246\116\272\162\151\040\023\127\072\146\157\143\242\155\113}{subsection.3.5}% 18
\BOOKMARK [3][-]{subsubsection.3.5.3}{\376\377\134\004\176\277\176\246\147\137\166\204\123\072\127\337\142\225\171\150}{subsection.3.5}% 19
\BOOKMARK [3][-]{subsubsection.3.5.4}{\376\377\116\015\170\156\133\232\140\047\122\240\147\103\166\204\116\272\117\123\146\364\145\260}{subsection.3.5}% 20
\BOOKMARK [2][-]{subsection.3.6}{\376\377\122\006\226\066\153\265\213\255\176\303\166\356\150\007}{section.3}% 21
\BOOKMARK [3][-]{subsubsection.3.6.1}{\376\377\153\213\135\356\134\072\136\246\213\255\176\303}{subsection.3.6}% 22
\BOOKMARK [3][-]{subsubsection.3.6.2}{\376\377\000T\000R\000S\000T\000R\000\040\213\255\176\303}{subsection.3.6}% 23
\BOOKMARK [1][-]{section.4}{\376\377\133\236\232\214}{}% 24
\BOOKMARK [2][-]{subsection.4.1}{\376\377\134\100\220\350\116\272\117\123\177\121\150\074\140\142\131\015}{section.4}% 25
\BOOKMARK [2][-]{subsection.4.2}{\376\377\116\026\165\114\127\120\150\007\121\150\134\100\116\272\117\123\217\320\122\250}{section.4}% 26
\BOOKMARK [2][-]{subsection.4.3}{\376\377\220\032\165\050\116\011\176\364\221\315\136\372}{section.4}% 27
\BOOKMARK [2][-]{subsection.4.4}{\376\377\134\072\136\246\116\000\201\364\140\047\122\006\147\220}{section.4}% 28
\BOOKMARK [1][-]{section.5}{\376\377\176\323\213\272}{}% 29
