\BOOKMARK [1][-]{section.1}{\376\377\000I\000n\000t\000r\000o\000d\000u\000c\000t\000i\000o\000n}{}% 1
\BOOKMARK [1][-]{section.2}{\376\377\000R\000e\000l\000a\000t\000e\000d\000\040\000W\000o\000r\000k}{}% 2
\BOOKMARK [2][-]{subsection.2.1}{\376\377\000L\000e\000a\000r\000n\000i\000n\000g\000-\000b\000a\000s\000e\000d\000\040\0003\000D\000\040\000a\000n\000d\000\040\0004\000D\000\040\000S\000c\000e\000n\000e\000\040\000R\000e\000c\000o\000n\000s\000t\000r\000u\000c\000t\000i\000o\000n}{section.2}% 3
\BOOKMARK [2][-]{subsection.2.2}{\376\377\000W\000o\000r\000l\000d\000-\000s\000p\000a\000c\000e\000\040\000H\000u\000m\000a\000n\000\040\000M\000o\000t\000i\000o\000n\000\040\000R\000e\000c\000o\000v\000e\000r\000y}{section.2}% 4
\BOOKMARK [2][-]{subsection.2.3}{\376\377\000J\000o\000i\000n\000t\000\040\000H\000u\000m\000a\000n\040\023\000S\000c\000e\000n\000e\000\040\000R\000e\000c\000o\000n\000s\000t\000r\000u\000c\000t\000i\000o\000n}{section.2}% 5
\BOOKMARK [2][-]{subsection.2.4}{\376\377\000H\000u\000m\000a\000n\000-\000g\000u\000i\000d\000e\000d\000\040\000M\000e\000t\000r\000i\000c\000\040\000C\000a\000l\000i\000b\000r\000a\000t\000i\000o\000n\000\040\000a\000n\000d\000\040\000G\000e\000o\000m\000e\000t\000r\000i\000c\000\040\000R\000e\000f\000i\000n\000e\000m\000e\000n\000t}{section.2}% 6
\BOOKMARK [1][-]{section.3}{\376\377\000M\000e\000t\000h\000o\000d}{}% 7
\BOOKMARK [2][-]{subsection.3.1}{\376\377\000P\000r\000o\000b\000l\000e\000m\000\040\000F\000o\000r\000m\000u\000l\000a\000t\000i\000o\000n\000\040\000a\000n\000d\000\040\000O\000v\000e\000r\000v\000i\000e\000w}{section.3}% 8
\BOOKMARK [2][-]{subsection.3.2}{\376\377\000S\000c\000e\000n\000e\000\040\000a\000n\000d\000\040\000H\000u\000m\000a\000n\000\040\000O\000b\000s\000e\000r\000v\000a\000t\000i\000o\000n\000s}{section.3}% 9
\BOOKMARK [2][-]{subsection.3.3}{\376\377\000H\000u\000m\000a\000n\000-\000a\000n\000c\000h\000o\000r\000e\000d\000\040\000A\000n\000a\000l\000y\000t\000i\000c\000\040\000C\000o\000a\000r\000s\000e\000\040\000S\000c\000a\000l\000e}{section.3}% 10
\BOOKMARK [2][-]{subsection.3.4}{\376\377\000P\000e\000r\000s\000o\000n\000-\000c\000o\000n\000d\000i\000t\000i\000o\000n\000e\000d\000\040\000R\000e\000s\000i\000d\000u\000a\000l\000\040\000A\000f\000f\000i\000n\000e\000\040\000C\000a\000l\000i\000b\000r\000a\000t\000i\000o\000n}{section.3}% 11
\BOOKMARK [3][-]{subsubsection.3.4.1}{\376\377\000H\000u\000m\000a\000n\040\023\000S\000c\000e\000n\000e\000\040\000A\000n\000c\000h\000o\000r\000\040\000R\000e\000p\000r\000e\000s\000e\000n\000t\000a\000t\000i\000o\000n}{subsection.3.4}% 12
\BOOKMARK [3][-]{subsubsection.3.4.2}{\376\377\000L\000o\000c\000a\000l\000\040\000S\000c\000e\000n\000e\000\040\000A\000t\000t\000e\000n\000t\000i\000o\000n}{subsection.3.4}% 13
\BOOKMARK [3][-]{subsubsection.3.4.3}{\376\377\000M\000u\000l\000t\000i\000-\000p\000e\000r\000s\000o\000n\000\040\000R\000e\000s\000i\000d\000u\000a\000l\000\040\000A\000f\000f\000i\000n\000e}{subsection.3.4}% 14
\BOOKMARK [3][-]{subsubsection.3.4.4}{\376\377\000V\000i\000d\000e\000o\000-\000l\000e\000v\000e\000l\000\040\000S\000c\000a\000l\000e\000\040\000C\000o\000n\000s\000i\000s\000t\000e\000n\000c\000y\000\040\000a\000n\000d\000\040\000T\000r\000a\000j\000e\000c\000t\000o\000r\000y\000\040\000S\000t\000a\000b\000i\000l\000i\000z\000a\000t\000i\000o\000n}{subsection.3.4}% 15
\BOOKMARK [2][-]{subsection.3.5}{\376\377\000R\000e\000g\000i\000o\000n\000a\000l\000\040\000T\000r\000a\000n\000s\000l\000a\000t\000i\000o\000n\000\040\000R\000e\000f\000i\000n\000e\000m\000e\000n\000t}{section.3}% 16
\BOOKMARK [3][-]{subsubsection.3.5.1}{\376\377\000D\000e\000t\000e\000r\000m\000i\000n\000i\000s\000t\000i\000c\000\040\000H\000u\000m\000a\000n\000\040\000R\000e\000g\000i\000o\000n\000s}{subsection.3.5}% 17
\BOOKMARK [3][-]{subsubsection.3.5.2}{\376\377\000M\000u\000l\000t\000i\000-\000s\000c\000a\000l\000e\000\040\000H\000u\000m\000a\000n\040\023\000S\000c\000e\000n\000e\000\040\000P\000r\000o\000b\000i\000n\000g}{subsection.3.5}% 18
\BOOKMARK [3][-]{subsubsection.3.5.3}{\376\377\000R\000a\000y\000-\000c\000o\000n\000s\000t\000r\000a\000i\000n\000e\000d\000\040\000R\000e\000g\000i\000o\000n\000a\000l\000\040\000V\000o\000t\000i\000n\000g}{subsection.3.5}% 19
\BOOKMARK [3][-]{subsubsection.3.5.4}{\376\377\000U\000n\000c\000e\000r\000t\000a\000i\000n\000t\000y\000-\000w\000e\000i\000g\000h\000t\000e\000d\000\040\000H\000u\000m\000a\000n\000\040\000U\000p\000d\000a\000t\000e}{subsection.3.5}% 20
\BOOKMARK [2][-]{subsection.3.6}{\376\377\000S\000t\000a\000g\000e\000d\000\040\000T\000r\000a\000i\000n\000i\000n\000g\000\040\000O\000b\000j\000e\000c\000t\000i\000v\000e\000s}{section.3}% 21
\BOOKMARK [3][-]{subsubsection.3.6.1}{\376\377\000R\000e\000s\000i\000d\000u\000a\000l\000\040\000S\000c\000a\000l\000e\000\040\000T\000r\000a\000i\000n\000i\000n\000g}{subsection.3.6}% 22
\BOOKMARK [3][-]{subsubsection.3.6.2}{\376\377\000T\000R\000S\000T\000R\000\040\000T\000r\000a\000i\000n\000i\000n\000g}{subsection.3.6}% 23
\BOOKMARK [1][-]{section.4}{\376\377\000E\000x\000p\000e\000r\000i\000m\000e\000n\000t\000s}{}% 24
\BOOKMARK [2][-]{subsection.4.1}{\376\377\000L\000o\000c\000a\000l\000\040\000H\000u\000m\000a\000n\000\040\000M\000e\000s\000h\000\040\000R\000e\000c\000o\000v\000e\000r\000y}{section.4}% 25
\BOOKMARK [2][-]{subsection.4.2}{\376\377\000G\000l\000o\000b\000a\000l\000\040\000H\000u\000m\000a\000n\000\040\000M\000o\000t\000i\000o\000n\000\040\000i\000n\000\040\000W\000o\000r\000l\000d\000\040\000C\000o\000o\000r\000d\000i\000n\000a\000t\000e\000s}{section.4}% 26
\BOOKMARK [2][-]{subsection.4.3}{\376\377\000G\000e\000n\000e\000r\000a\000l\000\040\0003\000D\000\040\000R\000e\000c\000o\000n\000s\000t\000r\000u\000c\000t\000i\000o\000n}{section.4}% 27
\BOOKMARK [2][-]{subsection.4.4}{\376\377\000S\000c\000a\000l\000e\000-\000c\000o\000n\000s\000i\000s\000t\000e\000n\000c\000y\000\040\000A\000n\000a\000l\000y\000s\000i\000s}{section.4}% 28
\BOOKMARK [1][-]{section.5}{\376\377\000C\000o\000n\000c\000l\000u\000s\000i\000o\000n}{}% 29
\BOOKMARK [1][-]{appendix.A}{\376\377\000D\000a\000t\000a\000\040\000C\000u\000r\000a\000t\000i\000o\000n\000,\000\040\000E\000v\000a\000l\000u\000a\000t\000i\000o\000n\000\040\000P\000r\000o\000t\000o\000c\000o\000l\000s\000,\000\040\000a\000n\000d\000\040\000C\000o\000m\000p\000l\000e\000t\000e\000\040\000D\000e\000p\000t\000h\000\040\000R\000e\000s\000u\000l\000t\000s}{}% 30
\BOOKMARK [1][-]{appendix.B}{\376\377\000N\000o\000t\000a\000t\000i\000o\000n\000,\000\040\000C\000o\000o\000r\000d\000i\000n\000a\000t\000e\000\040\000S\000y\000s\000t\000e\000m\000s\000,\000\040\000a\000n\000d\000\040\000M\000e\000t\000r\000i\000c\000\040\000G\000a\000u\000g\000e}{}% 31
\BOOKMARK [2][-]{subsection.B.1}{\376\377\000C\000o\000o\000r\000d\000i\000n\000a\000t\000e\000\040\000a\000n\000d\000\040\000D\000e\000p\000t\000h\000\040\000C\000o\000n\000v\000e\000n\000t\000i\000o\000n\000s}{appendix.B}% 32
\BOOKMARK [2][-]{subsection.B.2}{\376\377\000T\000e\000n\000s\000o\000r\000,\000\040\000P\000r\000e\000c\000i\000s\000i\000o\000n\000,\000\040\000a\000n\000d\000\040\000D\000e\000v\000i\000c\000e\000\040\000C\000o\000n\000v\000e\000n\000t\000i\000o\000n\000s}{appendix.B}% 33
\BOOKMARK [1][-]{appendix.C}{\376\377\000M\000o\000d\000e\000l\000\040\000A\000r\000c\000h\000i\000t\000e\000c\000t\000u\000r\000e\000\040\000D\000e\000t\000a\000i\000l\000s\000\040\000a\000n\000d\000\040\000C\000o\000m\000p\000l\000e\000t\000e\000\040\000I\000n\000f\000e\000r\000e\000n\000c\000e}{}% 34
\BOOKMARK [2][-]{subsection.C.1}{\376\377\000V\000G\000G\000T\000-\003\251\000,\000\040\000N\000L\000F\000,\000\040\000a\000n\000d\000\040\000B\000a\000s\000e\000l\000i\000n\000e\000\040\000B\000o\000u\000n\000d\000a\000r\000i\000e\000s}{appendix.C}% 35
\BOOKMARK [2][-]{subsection.C.2}{\376\377\000V\000i\000s\000i\000b\000l\000e\000-\000f\000r\000o\000n\000t\000-\000s\000u\000r\000f\000a\000c\000e\000\040\000A\000n\000a\000l\000y\000t\000i\000c\000\040\000S\000c\000a\000l\000e}{appendix.C}% 36
\BOOKMARK [2][-]{subsection.C.3}{\376\377\000P\000e\000r\000s\000o\000n\000-\000c\000o\000n\000d\000i\000t\000i\000o\000n\000e\000d\000\040\000R\000e\000s\000i\000d\000u\000a\000l\000\040\000A\000f\000f\000i\000n\000e}{appendix.C}% 37
\BOOKMARK [2][-]{subsection.C.4}{\376\377\000C\000l\000i\000p\000-\000l\000e\000v\000e\000l\000\040\000C\000o\000n\000s\000e\000n\000s\000u\000s\000\040\000a\000n\000d\000\040\000C\000a\000m\000e\000r\000a\000\040\000P\000r\000o\000p\000a\000g\000a\000t\000i\000o\000n}{appendix.C}% 38
\BOOKMARK [2][-]{subsection.C.5}{\376\377\000C\000o\000m\000p\000l\000e\000t\000e\000\040\000T\000R\000S\000T\000R\000\040\000U\000p\000d\000a\000t\000e}{appendix.C}% 39
\BOOKMARK [2][-]{subsection.C.6}{\376\377\000I\000n\000f\000e\000r\000e\000n\000c\000e\000\040\000A\000l\000g\000o\000r\000i\000t\000h\000m}{appendix.C}% 40
\BOOKMARK [1][-]{appendix.D}{\376\377\000I\000m\000p\000l\000e\000m\000e\000n\000t\000a\000t\000i\000o\000n\000\040\000a\000n\000d\000\040\000T\000r\000a\000i\000n\000i\000n\000g\000\040\000D\000e\000t\000a\000i\000l\000s}{}% 41
\BOOKMARK [2][-]{subsection.D.1}{\376\377\000S\000t\000a\000g\000e\000d\000\040\000T\000r\000a\000i\000n\000i\000n\000g}{appendix.D}% 42
\BOOKMARK [2][-]{subsection.D.2}{\376\377\000C\000o\000m\000p\000l\000e\000t\000e\000\040\000L\000o\000s\000s\000e\000s\000\040\000a\000n\000d\000\040\000W\000e\000i\000g\000h\000t\000s}{appendix.D}% 43
\BOOKMARK [2][-]{subsection.D.3}{\376\377\000T\000r\000a\000i\000n\000i\000n\000g\000\040\000S\000t\000a\000g\000e\000s\000\040\000a\000n\000d\000\040\000F\000r\000e\000e\000z\000i\000n\000g\000\040\000S\000t\000r\000a\000t\000e\000g\000y}{appendix.D}% 44
\BOOKMARK [1][-]{appendix.E}{\376\377\000C\000o\000m\000p\000l\000e\000t\000e\000\040\000E\000v\000a\000l\000u\000a\000t\000i\000o\000n\000\040\000P\000r\000o\000t\000o\000c\000o\000l\000s}{}% 45
\BOOKMARK [1][-]{appendix.F}{\376\377\000I\000m\000p\000a\000c\000t\000\040\000o\000f\000\040\000H\000u\000m\000a\000n\000\040\000M\000e\000t\000r\000i\000c\000\040\000A\000n\000c\000h\000o\000r\000i\000n\000g}{}% 46
\BOOKMARK [1][-]{appendix.G}{\376\377\000T\000R\000S\000T\000R\000\040\000R\000e\000f\000i\000n\000e\000m\000e\000n\000t\000,\000\040\000R\000o\000b\000u\000s\000t\000n\000e\000s\000s\000,\000\040\000a\000n\000d\000\040\000S\000e\000n\000s\000i\000t\000i\000v\000i\000t\000y}{}% 47
\BOOKMARK [1][-]{appendix.H}{\376\377\000E\000f\000f\000i\000c\000i\000e\000n\000c\000y\000,\000\040\000P\000a\000r\000a\000m\000e\000t\000e\000r\000s\000,\000\040\000a\000n\000d\000\040\000S\000c\000a\000l\000a\000b\000i\000l\000i\000t\000y}{}% 48
\BOOKMARK [1][-]{appendix.I}{\376\377\000A\000d\000d\000i\000t\000i\000o\000n\000a\000l\000\040\000Q\000u\000a\000l\000i\000t\000a\000t\000i\000v\000e\000\040\000R\000e\000s\000u\000l\000t\000s\000,\000\040\000F\000a\000i\000l\000u\000r\000e\000\040\000C\000a\000s\000e\000s\000,\000\040\000a\000n\000d\000\040\000R\000e\000s\000p\000o\000n\000s\000i\000b\000l\000e\000\040\000U\000s\000e}{}% 49
