开始评估，作业 ID: 14796
当前环境: zhw_env
分配的 GPU: 0
========== Sequence Viser: analytic coarse -> current HSI -> Stage2 align ==========
Frames            : /home/zhw/xyb_space/3DPW/imageFiles/downtown_walkBridge_01/
Stage2 checkpoint : /home/zhw/lab_users/xyb/home/projects/vggt-human/outputs/train/smpl_hsi_nlf_stage2_human_scene_align_full/checkpoint_latest.pt
Scale overlay     : /home/zhw/lab_users/xyb/home/projects/vggt-human/outputs/train/smpl_hsi_coarse_residual_stratified_v3/checkpoint_top_train_epoch_0005_loss_total_0.009242.pt
Output            : /home/zhw/lab_users/xyb/home/projects/vggt-human/outputs/vis/stage2_3dpw_downtown_walkBridge_01_50_1370_550f
Viewer cache      : <disabled>
Full UI cache     : /home/zhw/lab_users/xyb/home/projects/vggt-human/outputs/vis/stage2_3dpw_downtown_walkBridge_01_50_1370_550f/full_viewer_cache
Port              : 8080
Frame range       : [50, 1370] inclusive
Inference frames  : 550
Frame sampling    : uniform, max=0, stride=1
Accumulated SMPL  : 0 (0 means all)
Displayed people  : 0 per frame (0 means all)
Maximum candidates: 8 per frame
NLF detector conf : 0.3
Result conf       : 0.05
Coarse people     : conf=0.05, max=0
Scale application : clip_median
Point size        : 0.006
Human filter      : true, dilation=12px
========== NLF-HSI VGGT sequence Viser viewer ==========
Repo        : /home/zhw/lab_users/xyb/home/projects/vggt-human
Frames      : /home/zhw/xyb_space/3DPW/imageFiles/downtown_walkBridge_01/
Query source: nlf_detector
BEDLAM      : /home/zhw/xyb_space/bedlam/processed_bedlam
Sidecars    : /home/zhw/lab_users/xyb/home/projects/vggt-human/outputs/preprocess/bedlam_boxes
Stage2 dir  : /home/zhw/lab_users/xyb/home/projects/vggt-human/outputs/train/smpl_hsi_nlf_stage2_human_scene_align_full
Checkpoint  : /home/zhw/lab_users/xyb/home/projects/vggt-human/outputs/train/smpl_hsi_nlf_stage2_human_scene_align_full/checkpoint_latest.pt
Output      : /home/zhw/lab_users/xyb/home/projects/vggt-human/outputs/vis/stage2_3dpw_downtown_walkBridge_01_50_1370_550f
Viewer cache: <disabled>
Full UI cache: /home/zhw/lab_users/xyb/home/projects/vggt-human/outputs/vis/stage2_3dpw_downtown_walkBridge_01_50_1370_550f/full_viewer_cache
Port        : 8080
Max frames  : 0
Frame modes : 0=all, N=limit N, -1=uniformly sample at most 500
Frame range : [50, 1370] inclusive (-1 end means sequence end)
Inference N : 550 (0 means full selected range)
Frame sample: uniform (after range/stride)
SMPL frames : 0 (0 means all; GUI adjustable)
ID overlay  : base_smpl (post-HSI display only)
Show IDs    : true (initial GUI state)
Show people : 0 per frame (0 means all; GUI adjustable)
NLF det conf: 0.3
Result conf : 0.05
Align compat: legacy_scale_bias_v0
Depth stride: 2 (can be changed in Viser GUI)
Max depth   : 80 (0 disables clipping; GUI adjustable)
Viewer mode : Hybrid (initial GUI state)
Env display : points (points|mesh|both; GUI adjustable)
HSI vis scale: 1.0 (viewer-only; GUI adjustable)
Scale prealign: smpl_median
Coarse scale : range=[0.10,10.0] stride=8 min_pixels=32
Coarse people: conf=0.05 max=0 (0 means all)
Coarse fallback: sequence_median
HSI overlay : /home/zhw/lab_users/xyb/home/projects/vggt-human/outputs/train/smpl_hsi_coarse_residual_stratified_v3/checkpoint_top_train_epoch_0005_loss_total_0.009242.pt
Human mask  : projected SMPL triangles + 12px dilation (unconditional removal)
Filter human: true (initial GUI state)
Point size  : 0.006
SMPL edits  : /home/zhw/lab_users/xyb/home/projects/vggt-human/outputs/vis/stage2_3dpw_downtown_walkBridge_01_50_1370_550f/smpl_edit_offsets.json
GPU visible : 0
Smoke only  : false
CUDA available: count=1, device0=NVIDIA A800-SXM4-80GB, visible=0
[frames] source=1372 range=[50,1370] mode=target_uniform requested=550 selected=550 source_indices=[50,1370] | legacy options ignored: stride=1, sampling=uniform, max_frames=0
[nlf] detector_threshold=0.3 downstream_conf_threshold=0.05
[ckpt] loaded VGGT baseline for camera: /home/zhw/lab_users/xyb/home/projects/vggt-human/checkpoints/vggt_omega_1b_512.pt
[ckpt] baseline missing=165 unexpected=0
[ckpt] loaded training checkpoint: /home/zhw/lab_users/xyb/home/projects/vggt-human/outputs/train/smpl_hsi_nlf_stage2_human_scene_align_full/checkpoint_latest.pt
[ckpt] missing=1412 unexpected=0
[ckpt] overlaid HSI prefixes ('hsi_refinement_head.',): /home/zhw/lab_users/xyb/home/projects/vggt-human/outputs/train/smpl_hsi_coarse_residual_stratified_v3/checkpoint_top_train_epoch_0005_loss_total_0.009242.pt
[ckpt] overlay tensors=140 missing=1436 unexpected=0
[base-smpl-consistency] pred_poses=max_abs:4.65932,equal:False pred_betas=max_abs:0.735631,equal:False pred_transl_cam=max_abs:2.64205,equal:False pred_confs=max_abs:0.123491,equal:False pred_boxes=max_abs:0.12188,equal:False
[coarse-hsi] final_depth = raw_vggt_depth * coarse_scale * hsi_residual_scale + hsi_residual_bias
[coarse-hsi] shared-world application: clip_median of composed effective scale/bias scale=12.428 bias=-0.0461272
[coarse-hsi-summary] min/median/max coarse=0.999765/5.96208/9.47142 hsi_residual=1.13732/2.12514/4.78811 effective=12.428/12.428/12.428 bias=-0.0461272/-0.0461272/-0.0461272
[nlf-summary] detector_threshold=0.3 downstream_threshold=0.05 detected min/mean/max=1/3.353/8 accepted min/mean/max=1/3.353/8 empty_detected=0/550 empty_accepted=0/550
[human-mask] frames=550 mask_pixels=40223560 points_removed=10051334/36300278 (27.69%) dilation=12px
[full-viewer-cache] exported 25/550 frames
[full-viewer-cache] exported 50/550 frames
[full-viewer-cache] exported 75/550 frames
[full-viewer-cache] exported 100/550 frames
[full-viewer-cache] exported 125/550 frames
[full-viewer-cache] exported 150/550 frames
[full-viewer-cache] exported 175/550 frames
[full-viewer-cache] exported 200/550 frames
[full-viewer-cache] exported 225/550 frames
[full-viewer-cache] exported 250/550 frames
[full-viewer-cache] exported 275/550 frames
[full-viewer-cache] exported 300/550 frames
[full-viewer-cache] exported 325/550 frames
[full-viewer-cache] exported 350/550 frames
[full-viewer-cache] exported 375/550 frames
[full-viewer-cache] exported 400/550 frames
[full-viewer-cache] exported 425/550 frames
[full-viewer-cache] exported 450/550 frames
[full-viewer-cache] exported 475/550 frames
[full-viewer-cache] exported 500/550 frames
[full-viewer-cache] exported 525/550 frames
[full-viewer-cache] exported 550/550 frames
[full-viewer-cache] ready: /home/zhw/lab_users/xyb/home/projects/vggt-human/outputs/vis/stage2_3dpw_downtown_walkBridge_01_50_1370_550f/full_viewer_cache/manifest.json
{
  "viewer": "http://127.0.0.1:8080",
  "summary": "/home/zhw/lab_users/xyb/home/projects/vggt-human/outputs/vis/stage2_3dpw_downtown_walkBridge_01_50_1370_550f/run_summary.json",
  "viewer_cache": null,
  "full_viewer_cache": "/home/zhw/lab_users/xyb/home/projects/vggt-human/outputs/vis/stage2_3dpw_downtown_walkBridge_01_50_1370_550f/full_viewer_cache/manifest.json"
}
╭────── viser (listening *:8080) ───────╮
│             ╷                         │
│   HTTP      │ http://localhost:8080   │
│   Websocket │ ws://localhost:8080     │
│             ╵                         │
╰───────────────────────────────────────╯
