开始评估，作业 ID: 14298
当前环境: zhw_env
分配的 GPU: 0
========== Sequence Viser: analytic coarse -> current HSI -> Stage2 align ==========
Frames            : /home/zhw/xyb_space/emdb/P7/55_outdoor_walk/images/
Stage2 checkpoint : /home/zhw/lab_users/xyb/home/projects/vggt-human/outputs/train/smpl_hsi_nlf_stage2_human_scene_align_full/checkpoint_latest.pt
Scale overlay     : /home/zhw/lab_users/xyb/home/projects/vggt-human/outputs/train/smpl_hsi_coarse_residual_stratified_v3/checkpoint_top_train_epoch_0005_loss_total_0.009242.pt
Output            : /home/zhw/lab_users/xyb/home/projects/vggt-human/outputs/vis/55_outdoor_walk
Viewer cache      : <disabled>
Full UI cache     : /home/zhw/lab_users/xyb/home/projects/vggt-human/outputs/vis/55_outdoor_walk/full_viewer_cache
Port              : 8080
Frame range       : [0, -1] inclusive
Frame sampling    : head, max=560, stride=1
Accumulated SMPL  : 0 (0 means all)
Displayed people  : 0 per frame (0 means all)
Scale application : clip_median
========== NLF-HSI VGGT sequence Viser viewer ==========
Repo        : /home/zhw/lab_users/xyb/home/projects/vggt-human
Frames      : /home/zhw/xyb_space/emdb/P7/55_outdoor_walk/images/
Query source: nlf_detector
BEDLAM      : /home/zhw/xyb_space/bedlam/processed_bedlam
Sidecars    : /home/zhw/lab_users/xyb/home/projects/vggt-human/outputs/preprocess/bedlam_boxes
Stage2 dir  : /home/zhw/lab_users/xyb/home/projects/vggt-human/outputs/train/smpl_hsi_nlf_stage2_human_scene_align_full
Checkpoint  : /home/zhw/lab_users/xyb/home/projects/vggt-human/outputs/train/smpl_hsi_nlf_stage2_human_scene_align_full/checkpoint_latest.pt
Output      : /home/zhw/lab_users/xyb/home/projects/vggt-human/outputs/vis/55_outdoor_walk
Viewer cache: <disabled>
Full UI cache: /home/zhw/lab_users/xyb/home/projects/vggt-human/outputs/vis/55_outdoor_walk/full_viewer_cache
Port        : 8080
Max frames  : 560
Frame modes : 0=all, N=limit N, -1=uniformly sample at most 500
Frame range : [0, -1] inclusive (-1 end means sequence end)
Frame sample: head (after range/stride)
SMPL frames : 0 (0 means all; GUI adjustable)
ID overlay  : base_smpl (post-HSI display only)
Show IDs    : true (initial GUI state)
Show people : 0 per frame (0 means all; GUI adjustable)
Align compat: legacy_scale_bias_v0
Depth stride: 2 (can be changed in Viser GUI)
Max depth   : 80 (0 disables clipping; GUI adjustable)
Viewer mode : Hybrid (initial GUI state)
Env display : points (points|mesh|both; GUI adjustable)
HSI vis scale: 1.0 (viewer-only; GUI adjustable)
Scale prealign: smpl_median
Coarse scale : range=[0.10,10.0] stride=8 min_pixels=32
Coarse fallback: sequence_median
HSI overlay : /home/zhw/lab_users/xyb/home/projects/vggt-human/outputs/train/smpl_hsi_coarse_residual_stratified_v3/checkpoint_top_train_epoch_0005_loss_total_0.009242.pt
Human mask  : projected SMPL triangles + 12px dilation (unconditional removal)
Filter human: true (initial GUI state)
Point size  : 0.006
SMPL edits  : /home/zhw/lab_users/xyb/home/projects/vggt-human/outputs/vis/55_outdoor_walk/smpl_edit_offsets.json
GPU visible : 0
Smoke only  : true
CUDA available: count=1, device0=NVIDIA A800-SXM4-80GB, visible=0
[ckpt] loaded VGGT baseline for camera: /home/zhw/lab_users/xyb/home/projects/vggt-human/checkpoints/vggt_omega_1b_512.pt
[ckpt] baseline missing=165 unexpected=0
[ckpt] loaded training checkpoint: /home/zhw/lab_users/xyb/home/projects/vggt-human/outputs/train/smpl_hsi_nlf_stage2_human_scene_align_full/checkpoint_latest.pt
[ckpt] missing=1412 unexpected=0
[ckpt] overlaid HSI prefixes ('hsi_refinement_head.',): /home/zhw/lab_users/xyb/home/projects/vggt-human/outputs/train/smpl_hsi_coarse_residual_stratified_v3/checkpoint_top_train_epoch_0005_loss_total_0.009242.pt
[ckpt] overlay tensors=140 missing=1436 unexpected=0
[coarse-hsi] final_depth = raw_vggt_depth * coarse_scale * hsi_residual_scale + hsi_residual_bias
[coarse-hsi] shared-world application: clip_median of composed effective scale/bias scale=6.32386 bias=-0.0584391
[coarse-hsi-summary] min/median/max coarse=5.58239/6.32386/7.8402 hsi_residual=0.819499/1/1.45202 effective=6.32386/6.32386/6.32386 bias=-0.0584391/-0.0584391/-0.0584391
[human-mask] frames=560 mask_pixels=26417051 points_removed=6604134/37130240 (17.79%) dilation=12px
[full-viewer-cache] exported 25/560 frames
[full-viewer-cache] exported 50/560 frames
[full-viewer-cache] exported 75/560 frames
[full-viewer-cache] exported 100/560 frames
[full-viewer-cache] exported 125/560 frames
[full-viewer-cache] exported 150/560 frames
[full-viewer-cache] exported 175/560 frames
[full-viewer-cache] exported 200/560 frames
[full-viewer-cache] exported 225/560 frames
[full-viewer-cache] exported 250/560 frames
[full-viewer-cache] exported 275/560 frames
[full-viewer-cache] exported 300/560 frames
[full-viewer-cache] exported 325/560 frames
[full-viewer-cache] exported 350/560 frames
[full-viewer-cache] exported 375/560 frames
[full-viewer-cache] exported 400/560 frames
[full-viewer-cache] exported 425/560 frames
[full-viewer-cache] exported 450/560 frames
[full-viewer-cache] exported 475/560 frames
[full-viewer-cache] exported 500/560 frames
[full-viewer-cache] exported 525/560 frames
[full-viewer-cache] exported 550/560 frames
[full-viewer-cache] exported 560/560 frames
[full-viewer-cache] ready: /home/zhw/lab_users/xyb/home/projects/vggt-human/outputs/vis/55_outdoor_walk/full_viewer_cache/manifest.json
{
  "viewer": "http://127.0.0.1:8080",
  "summary": "/home/zhw/lab_users/xyb/home/projects/vggt-human/outputs/vis/55_outdoor_walk/run_summary.json",
  "viewer_cache": null,
  "full_viewer_cache": "/home/zhw/lab_users/xyb/home/projects/vggt-human/outputs/vis/55_outdoor_walk/full_viewer_cache/manifest.json"
}
[ok] NLF-HSI VGGT sequence viewer smoke passed
评估完成
