开始评估，作业 ID: 15697
当前环境: zhw_env
分配的 GPU: 0
========== Sequence Viser: analytic coarse -> current HSI -> Stage2 align ==========
Frames            : /home/zhw/xyb_space/3DPW/imageFiles/downtown_walkBridge_01/
Stage2 checkpoint : /home/zhw/lab_users/xyb/home/projects/vggt-human/outputs/train/smpl_hsi_nlf_stage2_human_scene_align_full/checkpoint_latest.pt
Scale overlay     : /home/zhw/lab_users/xyb/home/projects/vggt-human/outputs/train/smpl_hsi_coarse_residual_stratified_v3/checkpoint_top_train_epoch_0005_loss_total_0.009242.pt
Output            : /home/zhw/lab_users/xyb/home/projects/vggt-human/outputs/vis/stage2_3dpw_downtown_walkBridge_01_561_850_326f
Viewer cache      : <disabled>
Full UI cache     : /home/zhw/lab_users/xyb/home/projects/vggt-human/outputs/vis/stage2_3dpw_downtown_walkBridge_01_561_850_326f/full_viewer_cache
Port              : 8080
Frame range       : [160, 960] inclusive
Inference frames  : 560
Frame sampling    : uniform, max=0, stride=1
Accumulated SMPL  : 0 (0 means all)
Displayed people  : 0 per frame (0 means all)
Maximum candidates: 8 per frame
NLF detector conf : 0.3
Result conf       : 0.05
Coarse people     : conf=0.05, max=0
Scale application : clip_median
Point size        : 0.006
Human filter      : true, dilation=20px
========== NLF-HSI VGGT sequence Viser viewer ==========
Repo        : /home/zhw/lab_users/xyb/home/projects/vggt-human
Frames      : /home/zhw/xyb_space/3DPW/imageFiles/downtown_walkBridge_01/
Query source: nlf_detector
BEDLAM      : /home/zhw/xyb_space/bedlam/processed_bedlam
Sidecars    : /home/zhw/lab_users/xyb/home/projects/vggt-human/outputs/preprocess/bedlam_boxes
Stage2 dir  : /home/zhw/lab_users/xyb/home/projects/vggt-human/outputs/train/smpl_hsi_nlf_stage2_human_scene_align_full
Checkpoint  : /home/zhw/lab_users/xyb/home/projects/vggt-human/outputs/train/smpl_hsi_nlf_stage2_human_scene_align_full/checkpoint_latest.pt
Output      : /home/zhw/lab_users/xyb/home/projects/vggt-human/outputs/vis/stage2_3dpw_downtown_walkBridge_01_561_850_326f
Viewer cache: <disabled>
Full UI cache: /home/zhw/lab_users/xyb/home/projects/vggt-human/outputs/vis/stage2_3dpw_downtown_walkBridge_01_561_850_326f/full_viewer_cache
Port        : 8080
Max frames  : 0
Frame modes : 0=all, N=limit N, -1=uniformly sample at most 500
Frame range : [160, 960] inclusive (-1 end means sequence end)
Inference N : 560 (0 means full selected range)
Frame sample: uniform (after range/stride)
SMPL frames : 0 (0 means all; GUI adjustable)
ID overlay  : base_smpl (post-HSI display only)
Show IDs    : true (initial GUI state)
Show people : 0 per frame (0 means all; GUI adjustable)
NLF det conf: 0.3
Result conf : 0.05
Align compat: legacy_scale_bias_v0
Depth stride: 2 (can be changed in Viser GUI)
Max depth   : 80 (0 disables clipping; GUI adjustable)
Viewer mode : Hybrid (initial GUI state)
Env display : points (points|mesh|both; GUI adjustable)
HSI vis scale: 1.0 (viewer-only; GUI adjustable)
Scale prealign: smpl_median
Coarse scale : range=[0.10,10.0] stride=8 min_pixels=32
Coarse people: conf=0.05 max=0 (0 means all)
Coarse fallback: sequence_median
HSI overlay : /home/zhw/lab_users/xyb/home/projects/vggt-human/outputs/train/smpl_hsi_coarse_residual_stratified_v3/checkpoint_top_train_epoch_0005_loss_total_0.009242.pt
Human mask  : projected SMPL triangles + 20px dilation (unconditional removal)
Filter human: true (initial GUI state)
Point size  : 0.006
SMPL edits  : /home/zhw/lab_users/xyb/home/projects/vggt-human/outputs/vis/stage2_3dpw_downtown_walkBridge_01_561_850_326f/smpl_edit_offsets.json
GPU visible : 0
Smoke only  : true
CUDA available: count=1, device0=NVIDIA A800-SXM4-80GB, visible=0
[frames] source=1372 range=[160,960] mode=target_uniform requested=560 selected=560 source_indices=[160,960] | legacy options ignored: stride=1, sampling=uniform, max_frames=0
[nlf] detector_threshold=0.3 downstream_conf_threshold=0.05
[ckpt] loaded VGGT baseline for camera: /home/zhw/lab_users/xyb/home/projects/vggt-human/checkpoints/vggt_omega_1b_512.pt
[ckpt] baseline missing=165 unexpected=0
[ckpt] loaded training checkpoint: /home/zhw/lab_users/xyb/home/projects/vggt-human/outputs/train/smpl_hsi_nlf_stage2_human_scene_align_full/checkpoint_latest.pt
[ckpt] missing=1412 unexpected=0
[ckpt] overlaid HSI prefixes ('hsi_refinement_head.',): /home/zhw/lab_users/xyb/home/projects/vggt-human/outputs/train/smpl_hsi_coarse_residual_stratified_v3/checkpoint_top_train_epoch_0005_loss_total_0.009242.pt
[ckpt] overlay tensors=140 missing=1436 unexpected=0
[base-smpl-consistency] pred_poses=max_abs:4.77062,equal:False pred_betas=max_abs:0.589429,equal:False pred_transl_cam=max_abs:1.19533,equal:False pred_confs=max_abs:0.0204313,equal:False pred_boxes=max_abs:0.0625977,equal:False
[coarse-hsi] final_depth = raw_vggt_depth * coarse_scale * hsi_residual_scale + hsi_residual_bias
[coarse-hsi] shared-world application: clip_median of composed effective scale/bias scale=14.5261 bias=-0.047841
[coarse-hsi-summary] min/median/max coarse=1.07944/5.42245/9.04564 hsi_residual=1.71525/2.7003/3.75075 effective=14.5261/14.5261/14.5261 bias=-0.047841/-0.047841/-0.047841
[nlf-summary] detector_threshold=0.3 downstream_threshold=0.05 detected min/mean/max=1/3.752/8 accepted min/mean/max=1/3.752/8 empty_detected=0/560 empty_accepted=0/560
