开始 GPU 推理并导出 Viser 缓存，作业 ID: 15008
当前环境: zhw_env
分配的 GPU: 0
========== Early Stage2 Viser + post-HSI ID overlay ==========
Geometry checkpoint: /home/zhw/lab_users/xyb/home/projects/vggt-human/outputs/train/smpl_hsi_nlf_stage2_human_scene_align_full/checkpoint_latest.pt
Align compatibility : legacy_scale_bias_v0 (25 input features)
Tracking effect    : display IDs/colors only
Output             : /home/zhw/lab_users/xyb/home/projects/vggt-human/outputs/vis/contact/measure_woman_n3library_20
========== NLF-HSI VGGT sequence Viser viewer ==========
Repo        : /home/zhw/lab_users/xyb/home/projects/vggt-human
Frames      : outputs/vis/measure_woman_n3library_20/input
Query source: nlf_detector
BEDLAM      : /home/zhw/xyb_space/bedlam/processed_bedlam
Sidecars    : /home/zhw/lab_users/xyb/home/projects/vggt-human/outputs/preprocess/bedlam_boxes
Stage2 dir  : /home/zhw/lab_users/xyb/home/projects/vggt-human/outputs/train/smpl_hsi_nlf_stage2_human_scene_align_full
Checkpoint  : /home/zhw/lab_users/xyb/home/projects/vggt-human/outputs/train/smpl_hsi_nlf_stage2_human_scene_align_full/checkpoint_latest.pt
Output      : /home/zhw/lab_users/xyb/home/projects/vggt-human/outputs/vis/contact/measure_woman_n3library_20
Viewer cache: <disabled>
Full UI cache: /home/zhw/lab_users/xyb/home/projects/vggt-human/outputs/vis/contact/measure_woman_n3library_20/full_viewer_cache
Port        : 8080
Max frames  : 1
Frame modes : 0=all, N=limit N, -1=uniformly sample at most 500
Frame range : [0, -1] inclusive (-1 end means sequence end)
Inference N : <legacy sampling> (0 means full selected range)
Frame sample: head (after range/stride)
SMPL frames : 0 (0 means all; GUI adjustable)
ID overlay  : base_smpl (post-HSI display only)
Show IDs    : false (initial GUI state)
Show people : 0 per frame (0 means all; GUI adjustable)
NLF det conf: <config default>
Result conf : 0.05
Align compat: legacy_scale_bias_v0
Depth stride: 2 (can be changed in Viser GUI)
Max depth   : 80 (0 disables clipping; GUI adjustable)
Viewer mode : 4D current frame (initial GUI state)
Env display : points (points|mesh|both; GUI adjustable)
HSI vis scale: 1.0 (viewer-only; GUI adjustable)
Scale prealign: none
HSI overlay : <none>
Human mask  : projected SMPL triangles + 12px dilation (unconditional removal)
Filter human: false (initial GUI state)
Point size  : 0.006
SMPL edits  : /home/zhw/lab_users/xyb/home/projects/vggt-human/outputs/vis/contact/measure_woman_n3library_20/smpl_edit_offsets.json
GPU visible : 0
Smoke only  : true
CUDA available: count=1, device0=NVIDIA A800-SXM4-80GB, visible=0
[frames] source=2 range=[0,-1] mode=legacy stride=1 sampling=head max_frames=1 selected=1 source_indices=[0,0]
[nlf] detector_threshold=0.3 downstream_conf_threshold=0.05
[ckpt] loaded VGGT baseline for camera: /home/zhw/lab_users/xyb/home/projects/vggt-human/checkpoints/vggt_omega_1b_512.pt
[ckpt] baseline missing=165 unexpected=0
[ckpt] loaded training checkpoint: /home/zhw/lab_users/xyb/home/projects/vggt-human/outputs/train/smpl_hsi_nlf_stage2_human_scene_align_full/checkpoint_latest.pt
[ckpt] missing=1412 unexpected=0
[nlf-summary] detector_threshold=0.3 downstream_threshold=0.05 detected min/mean/max=1/1.000/1 accepted min/mean/max=1/1.000/1 empty_detected=0/1 empty_accepted=0/1
[human-mask] frames=1 mask_pixels=42003 points_removed=10499/66304 (15.83%) dilation=12px
[full-viewer-cache] exported 1/1 frames
[full-viewer-cache] ready: /home/zhw/lab_users/xyb/home/projects/vggt-human/outputs/vis/contact/measure_woman_n3library_20/full_viewer_cache/manifest.json
{
  "viewer": "http://127.0.0.1:8080",
  "summary": "/home/zhw/lab_users/xyb/home/projects/vggt-human/outputs/vis/contact/measure_woman_n3library_20/run_summary.json",
  "viewer_cache": null,
  "full_viewer_cache": "/home/zhw/lab_users/xyb/home/projects/vggt-human/outputs/vis/contact/measure_woman_n3library_20/full_viewer_cache/manifest.json"
}
[ok] NLF-HSI VGGT sequence viewer smoke passed
GPU 推理和 Viser 缓存导出完成
