开始评估，作业 ID: 14348
当前环境: zhw_env
分配的 GPU: 0
========== Sequence Viser: analytic coarse -> current HSI -> Stage2 align ==========
Frames            : /home/zhw/xyb_space/emdb/P7/55_outdoor_walk/images/
Stage2 checkpoint : /home/zhw/lab_users/xyb/home/projects/vggt-human/outputs/train/smpl_hsi_nlf_stage2_human_scene_align_full/checkpoint_latest.pt
Scale overlay     : /home/zhw/lab_users/xyb/home/projects/vggt-human/outputs/train/smpl_hsi_coarse_residual_stratified_v3/checkpoint_top_train_epoch_0005_loss_total_0.009242.pt
Output            : OUTPUT_DIR=/home/zhw/lab_users/xyb/home/projects/vggt-human/outputs/vis/55_outdoor_walk2
Viewer cache      : <disabled>
Full UI cache     : /home/zhw/lab_users/xyb/home/projects/vggt-human/outputs/vis/55_outdoor_walk2/full_viewer_cache
Port              : 8080
Frame range       : [80, -1] inclusive
Inference frames  : 540
Frame sampling    : head, max=20, stride=1
Accumulated SMPL  : 0 (0 means all)
Displayed people  : 0 per frame (0 means all)
NLF detector conf : 0.15
Result conf       : 0.05
Scale application : clip_median
========== NLF-HSI VGGT sequence Viser viewer ==========
Repo        : /home/zhw/lab_users/xyb/home/projects/vggt-human
Frames      : /home/zhw/xyb_space/emdb/P7/55_outdoor_walk/images/
Query source: nlf_detector
BEDLAM      : /home/zhw/xyb_space/bedlam/processed_bedlam
Sidecars    : /home/zhw/lab_users/xyb/home/projects/vggt-human/outputs/preprocess/bedlam_boxes
Stage2 dir  : /home/zhw/lab_users/xyb/home/projects/vggt-human/outputs/train/smpl_hsi_nlf_stage2_human_scene_align_full
Checkpoint  : /home/zhw/lab_users/xyb/home/projects/vggt-human/outputs/train/smpl_hsi_nlf_stage2_human_scene_align_full/checkpoint_latest.pt
Output      : OUTPUT_DIR=/home/zhw/lab_users/xyb/home/projects/vggt-human/outputs/vis/55_outdoor_walk2
Viewer cache: <disabled>
Full UI cache: /home/zhw/lab_users/xyb/home/projects/vggt-human/outputs/vis/55_outdoor_walk2/full_viewer_cache
Port        : 8080
Max frames  : 20
Frame modes : 0=all, N=limit N, -1=uniformly sample at most 500
Frame range : [80, -1] inclusive (-1 end means sequence end)
Inference N : 540 (0 means full selected range)
Frame sample: head (after range/stride)
SMPL frames : 0 (0 means all; GUI adjustable)
ID overlay  : base_smpl (post-HSI display only)
Show IDs    : true (initial GUI state)
Show people : 0 per frame (0 means all; GUI adjustable)
NLF det conf: 0.15
Result conf : 0.05
Align compat: legacy_scale_bias_v0
Depth stride: 2 (can be changed in Viser GUI)
Max depth   : 80 (0 disables clipping; GUI adjustable)
Viewer mode : Hybrid (initial GUI state)
Env display : points (points|mesh|both; GUI adjustable)
HSI vis scale: 1.0 (viewer-only; GUI adjustable)
Scale prealign: smpl_median
Coarse scale : range=[0.10,10.0] stride=8 min_pixels=32
Coarse fallback: sequence_median
HSI overlay : /home/zhw/lab_users/xyb/home/projects/vggt-human/outputs/train/smpl_hsi_coarse_residual_stratified_v3/checkpoint_top_train_epoch_0005_loss_total_0.009242.pt
Human mask  : projected SMPL triangles + 12px dilation (unconditional removal)
Filter human: true (initial GUI state)
Point size  : 0.006
SMPL edits  : OUTPUT_DIR=/home/zhw/lab_users/xyb/home/projects/vggt-human/outputs/vis/55_outdoor_walk2/smpl_edit_offsets.json
GPU visible : 0
Smoke only  : true
CUDA available: count=1, device0=NVIDIA A800-SXM4-80GB, visible=0
[frames] source=2179 range=[80,-1] mode=target_uniform requested=540 selected=540 source_indices=[80,2178] | legacy options ignored: stride=1, sampling=head, max_frames=20
[nlf] detector_threshold=0.15 downstream_conf_threshold=0.05
